../Core/Src/main.c:133:5:main	8	static
../Core/Src/main.c:224:6:SystemClock_Config	88	static
../Core/Src/main.c:271:13:MX_RTC_Init	32	static
../Core/Src/main.c:344:13:MX_TIM14_Init	8	static
../Core/Src/main.c:375:13:MX_USART1_UART_Init	8	static
../Core/Src/main.c:423:13:MX_USART2_UART_Init	8	static
../Core/Src/main.c:457:13:MX_DMA_Init	16	static
../Core/Src/main.c:475:13:MX_GPIO_Init	48	static
../Core/Src/main.c:503:6:HAL_UARTEx_RxEventCallback	16	static,ignoring_inline_asm
../Core/Src/main.c:524:6:send2swarm_rt_query_rate	48	static
../Core/Src/main.c:543:6:send2swarm_rt_0	48	static
../Core/Src/main.c:565:6:send2swarm_at_command	288	static
../Core/Src/main.c:583:9:check_answer	16	static
../Core/Src/main.c:593:9:nmea_checksum	24	static
../Core/Src/main.c:603:6:HAL_TIM_PeriodElapsedCallback	16	static,ignoring_inline_asm
../Core/Src/main.c:619:6:Error_Handler	8	static,ignoring_inline_asm
