../Drivers/CMSIS/Include/core_cm0plus.h:985:34:__NVIC_SystemReset	8	static,ignoring_inline_asm
../Core/Src/main.c:148:5:main	8	static,ignoring_inline_asm
../Core/Src/main.c:248:6:SystemClock_Config	88	static
../Core/Src/main.c:295:13:MX_RTC_Init	32	static
../Core/Src/main.c:368:13:MX_TIM14_Init	8	static
../Core/Src/main.c:399:13:MX_USART1_UART_Init	8	static
../Core/Src/main.c:445:13:MX_DMA_Init	16	static
../Core/Src/main.c:463:13:MX_GPIO_Init	48	static
../Core/Src/main.c:495:6:HAL_UARTEx_RxEventCallback	16	static
../Core/Src/main.c:518:6:send2swarm_at_command	288	static
../Core/Src/main.c:536:9:check_answer	16	static
../Core/Src/main.c:546:6:pw2payload	16	static
../Core/Src/main.c:570:6:gn2payload	16	static
../Core/Src/main.c:592:9:nmea_checksum	24	static
../Core/Src/main.c:602:6:HAL_TIM_PeriodElapsedCallback	16	static
../Core/Src/main.c:610:6:HAL_GPIO_EXTI_Falling_Callback	16	static
../Core/Src/main.c:620:6:Error_Handler	8	static,ignoring_inline_asm
